../Src/rtc.c:29:6:rtc_init	8	static
../Src/rtc.c:130:9:rtc_convert_dec2bcd	16	static
../Src/rtc.c:134:9:rtc_convert_bcd2dec	16	static
../Src/rtc.c:140:10:rtc_date_get_day	4	static
../Src/rtc.c:145:10:rtc_date_get_year	4	static
../Src/rtc.c:150:10:rtc_date_get_month	4	static
../Src/rtc.c:155:10:rtc_time_get_second	4	static
../Src/rtc.c:160:10:rtc_time_get_minute	4	static
../Src/rtc.c:165:10:rtc_time_get_hour	4	static
../Src/rtc.c:170:13:rtc_set_asynch_prescaler	16	static
../Src/rtc.c:175:13:rtc_set_synch_prescaler	16	static
../Src/rtc.c:179:13:rtc_date_config	24	static
../Src/rtc.c:197:13:rtc_time_config	24	static
../Src/rtc.c:214:6:_rtc_enable_init_mode	4	static
../Src/rtc.c:216:6:_rtc_disable_init_mode	4	static
../Src/rtc.c:218:9:_rtc_isActiveflag_init	4	static
../Src/rtc.c:223:9:_rtc_isActiveflag_rs	4	static
../Src/rtc.c:225:16:rtc_init_seq	8	static
../Src/rtc.c:236:16:wait_for_synchro	8	static
../Src/rtc.c:246:16:exit_init_seq	8	static
