15:36:44 **** Build of configuration Debug for project ManipulateLED ****
make -j7 all 
arm-none-eabi-gcc "../Core/Src/main.c" -mcpu=cortex-m4 -std=gnu11 -g3 -DDEBUG -DUSE_HAL_DRIVER -DSTM32F411xE -c -I../Core/Inc -I../Drivers/STM32F4xx_HAL_Driver/Inc -I../Drivers/STM32F4xx_HAL_Driver/Inc/Legacy -I../Drivers/CMSIS/Device/ST/STM32F4xx/Include -I../Drivers/CMSIS/Include -O0 -ffunction-sections -fdata-sections -Wall -fstack-usage -fcyclomatic-complexity -MMD -MP -MF"Core/Src/main.d" -MT"Core/Src/main.o" --specs=nano.specs -mfpu=fpv4-sp-d16 -mfloat-abi=hard -mthumb -o "Core/Src/main.o"
arm-none-eabi-gcc -o "ManipulateLED.elf" @"objects.list"   -mcpu=cortex-m4 -T"/Users/straw/STM32CubeIDE/workspace_1.19.0/ManipulateLED/STM32F411RETX_FLASH.ld" --specs=nosys.specs -Wl,-Map="ManipulateLED.map" -Wl,--gc-sections -static --specs=nano.specs -mfpu=fpv4-sp-d16 -mfloat-abi=hard -mthumb -Wl,--start-group -lc -lm -Wl,--end-group
Finished building target: ManipulateLED.elf
 
arm-none-eabi-size  ManipulateLED.elf 
arm-none-eabi-objdump -h -S ManipulateLED.elf  > "ManipulateLED.list"
   text	   data	    bss	    dec	    hex	filename
    916	      4	   1572	   2492	    9bc	ManipulateLED.elf
Finished building: default.size.stdout
 
Finished building: ManipulateLED.list
 

15:36:45 Build Finished. 0 errors, 0 warnings. (took 925ms)

